[40m[2J[0;34mЩЭЭЭЭЭЭЭЭЭЭЭЭ   [1;33mжФвФЗ З  З жФФФЗ  [0;34mЭЭЭЭЭ[s
[uЭЭЭЭЭЭЭЭЭЭЭЭЭЭЭЭЭЭЭЭЭЭЭЭЭЭЭЭЭЭЭЭЭЭЭЛ[2HК[17C[1;33mК   К  К К[s
[u[46C[0;34mК[3HК[6C[31mннннн[6C[1;33mН   ЧФФЖ ЧФФ[7C[0;31m[s
[uнннн[33C[34mК[4HК    [31mнннннннн[9C[1;33mК  К К[11C[0;31m[s
[uннн[32C[34mК[5HК   [31mнннн  нннн ннннн  [1;33mН  К К   [s
[u[0;31mннн    ннн    ннн  нннннн[6Cннннннн[5C[34mК[6HК  [31mн[s
[uнн[5Cнн   нннннн   [1;33mН К[9C[0;31mннн[11Cнннннн    ннн[5C[s
[uннн  [34mК[7HК [31mннн[5Cнн   ннн нннн    [1;33mгФ [0;31mннн[s
[u[1;33mФФ [0;31mннн[1;33mФФФФ [0;31mннн[1;33mФ  [0;31mннн ннн[s
[u   нн[6Cннн   [34mК[8HК [31mннн    нн   ннн   ннннн    ннн   н[s
[uнн[5Cннн   ннн   ннн нн[6Cннн н  [34mК[9HК  [31mннн[7Cннн  н[s
[uнн  ннн  ннн   ннн[5Cннн   ннн   ннн   нннн  ннн нн  [34mК[10HК[s
[u   [31mнннн    ннн  ннн  ннн  нннннн  ннннн ннннн ннн    нннннн н[s
[uнннннн ннн  [34mК[11H[6C[31mннннн[57Cннн   [34mК[12H[31mн[s
[u[8Cннннн[5C[1;37m [D[33m [D[35m [D  [37m [D[32m[s
[u [D   [37m [D[31m [D[35m [D[33m [D  [36m [D[31m[s
[u [D[32m [D[37m [D[36m [D[31m [D[35m [D[5C[33m[s
[u [D[35m [D[36m [D[37m [D[31m [D[15C[0;31mннн    [s
[u[34mК[13H[31mнн[10Cнннн    [1;36m [D[37m [D [31m [D[s
[u[33m [D[5C[32m [D[37m [D     [D[33m [D   [37m [D[s
[u [D    [D[32m [D[18C[0;31mннн[5C[34mК[14H [31mнн[10C[s
[uнннн   [1;35m [D[33m [D[36m [D[35m [D[6C[36m [D[s
[u[31m [D    [36m [D[37m [D    [33m [D[32m [D   [31m[s
[u [D[33m [D[37m [D[31m [D[33m [D[13C[0;31mннн[6C[s
[u[34mК[15H [31mннн[8Cнннн    [1m [D[32m [D [37m [D[s
[u[36m [D[5C[33m [D[35m [D     [D[31m [D    [37m[s
[u [D[36m [D[7C [D[32m [D  [0;31mнннннннннннн[7C[34mК
[16H   [31mнннн   ннннн[5C[1;37m [D[35m [D  [33m [D[32m[s
[u [D    [37m [D[36m [D    [32m [D[37m [D   [33m [D[s
[u[35m [D   [36m [D[32m [D   [35m [D[31m [D[21C[s
[u[0;34mК[17HК   [31mннннннннн[6C[1m [D[33m [D[36m [D  [s
[u [31m [D[37m [D  [35m [D[37m [D[32m [D[31m [D  [s
[u[33m [D[37m [D [D[36m [D[35m [D[37m [D[31m [D[s
[u[5C[37m [D[33m [D[31m [D[37m [D[36m [D[22C[0;34m[s
[uК[18HК[73CК[19HК[23C[1;33mФвФФЗ[45C[0;34mК[20HК[24C[s
[u[1;33mК ФН[7C.[9CФзФ[25C[0;34mК[21HК[24C[1;33mК  вФЗ жФЗ в[s
[u жФЗ жФФ  К[26C[0;34mК[22HШЭЭЭЭЭЭЭЭЭЭЭЭЭЭЭЭЭЭЭЭЭЭ  [1;33mН  Н [s
[u  гФН К гФФ гФФ ФН  [0;34mЭЭЭЭЭЭЭЭЭЭЭЭЭЭЭЭЭЭЭЭЭЭЭЭМ[23H[35C[A
[35C[1;33mФН[20C[30mMichael Arnett[0m
